// Jest Snapshot v1, https://goo.gl/fbAQLP

exports[`Button component should be render 1`] = `
<DocumentFragment>
  <button
    class="form-button "
    data-testid="custom-button"
  />
</DocumentFragment>
`;
