// Jest Snapshot v1, https://goo.gl/fbAQLP

exports[`renders learn react link 1`] = `
<DocumentFragment>
  <div
    class="App"
  >
    <header
      class="App-header"
    >
      <div
        class="data-list"
      >
        <h1>
          Tasks
        </h1>
        <div
          class="input-wrap "
        >
          <label
            for="input-:r0:"
          >
            Add new task
          </label>
          <input
            id="input-:r0:"
            placeholder="New task title"
            type="text"
          />
        </div>
        Loading
      </div>
    </header>
    <div
      class="App-line"
    />
    <main
      class="App-main"
    >
      <img
        alt="logo"
        class="App-logo"
        src="logo.svg"
      />
      <a
        aria-current="page"
        class="App-link"
        href="/"
      >
        Tasks
      </a>
      <a
        href="/posts"
      >
        Posts
      </a>
    </main>
  </div>
</DocumentFragment>
`;
